// Jest Snapshot v1, https://goo.gl/fbAQLP

exports[`ProgressCircle Component should render without crashing 1`] = `
<div>
  <div
    class="sc-bdfBwQ gQsXTp"
  >
    <div
      class="loader"
    >
      <div
        class="spinner"
        role="progressbar"
        style="position: relative; width: 0px; z-index: 2000000000; left: 50%; top: 50%;"
      >
        <div
          style="position: absolute; top: -1px; opacity: 0.25; webkit-animation: opacity-100-25-0-10 1s linear infinite;"
        >
          <div
            style="position: absolute; width: 7.5px; height: 2.5px; background: rgb(18, 146, 180); webkit-box-shadow: 0 0 1px rgba(0,0,0,.1); webkit-transform-origin: left; webkit-transform: rotate(0deg) translate(7.5px,0); webkit-border-radius: 1px;"
          />
        </div>
        <div
          style="position: absolute; top: -1px; opacity: 0.25; webkit-animation: opacity-100-25-1-10 1s linear infinite;"
        >
          <div
            style="position: absolute; width: 7.5px; height: 2.5px; background: rgb(18, 146, 180); webkit-box-shadow: 0 0 1px rgba(0,0,0,.1); webkit-transform-origin: left; webkit-transform: rotate(36deg) translate(7.5px,0); webkit-border-radius: 1px;"
          />
        </div>
        <div
          style="position: absolute; top: -1px; opacity: 0.25; webkit-animation: opacity-100-25-2-10 1s linear infinite;"
        >
          <div
            style="position: absolute; width: 7.5px; height: 2.5px; background: rgb(18, 146, 180); webkit-box-shadow: 0 0 1px rgba(0,0,0,.1); webkit-transform-origin: left; webkit-transform: rotate(72deg) translate(7.5px,0); webkit-border-radius: 1px;"
          />
        </div>
        <div
          style="position: absolute; top: -1px; opacity: 0.25; webkit-animation: opacity-100-25-3-10 1s linear infinite;"
        >
          <div
            style="position: absolute; width: 7.5px; height: 2.5px; background: rgb(18, 146, 180); webkit-box-shadow: 0 0 1px rgba(0,0,0,.1); webkit-transform-origin: left; webkit-transform: rotate(108deg) translate(7.5px,0); webkit-border-radius: 1px;"
          />
        </div>
        <div
          style="position: absolute; top: -1px; opacity: 0.25; webkit-animation: opacity-100-25-4-10 1s linear infinite;"
        >
          <div
            style="position: absolute; width: 7.5px; height: 2.5px; background: rgb(18, 146, 180); webkit-box-shadow: 0 0 1px rgba(0,0,0,.1); webkit-transform-origin: left; webkit-transform: rotate(144deg) translate(7.5px,0); webkit-border-radius: 1px;"
          />
        </div>
        <div
          style="position: absolute; top: -1px; opacity: 0.25; webkit-animation: opacity-100-25-5-10 1s linear infinite;"
        >
          <div
            style="position: absolute; width: 7.5px; height: 2.5px; background: rgb(18, 146, 180); webkit-box-shadow: 0 0 1px rgba(0,0,0,.1); webkit-transform-origin: left; webkit-transform: rotate(180deg) translate(7.5px,0); webkit-border-radius: 1px;"
          />
        </div>
        <div
          style="position: absolute; top: -1px; opacity: 0.25; webkit-animation: opacity-100-25-6-10 1s linear infinite;"
        >
          <div
            style="position: absolute; width: 7.5px; height: 2.5px; background: rgb(18, 146, 180); webkit-box-shadow: 0 0 1px rgba(0,0,0,.1); webkit-transform-origin: left; webkit-transform: rotate(216deg) translate(7.5px,0); webkit-border-radius: 1px;"
          />
        </div>
        <div
          style="position: absolute; top: -1px; opacity: 0.25; webkit-animation: opacity-100-25-7-10 1s linear infinite;"
        >
          <div
            style="position: absolute; width: 7.5px; height: 2.5px; background: rgb(18, 146, 180); webkit-box-shadow: 0 0 1px rgba(0,0,0,.1); webkit-transform-origin: left; webkit-transform: rotate(252deg) translate(7.5px,0); webkit-border-radius: 1px;"
          />
        </div>
        <div
          style="position: absolute; top: -1px; opacity: 0.25; webkit-animation: opacity-100-25-8-10 1s linear infinite;"
        >
          <div
            style="position: absolute; width: 7.5px; height: 2.5px; background: rgb(18, 146, 180); webkit-box-shadow: 0 0 1px rgba(0,0,0,.1); webkit-transform-origin: left; webkit-transform: rotate(288deg) translate(7.5px,0); webkit-border-radius: 1px;"
          />
        </div>
        <div
          style="position: absolute; top: -1px; opacity: 0.25; webkit-animation: opacity-100-25-9-10 1s linear infinite;"
        >
          <div
            style="position: absolute; width: 7.5px; height: 2.5px; background: rgb(18, 146, 180); webkit-box-shadow: 0 0 1px rgba(0,0,0,.1); webkit-transform-origin: left; webkit-transform: rotate(324deg) translate(7.5px,0); webkit-border-radius: 1px;"
          />
        </div>
      </div>
    </div>
  </div>
</div>
`;
